C:\Java\RPG\src\ui\RpgGameUI.java:967: error: <identifier> expected
                hpBar.setValue(Math.max(0, (int) player.getHp()));
                              ^
C:\Java\RPG\src\ui\RpgGameUI.java:967: error: <identifier> expected
                hpBar.setValue(Math.max(0, (int) player.getHp()));
                                       ^
C:\Java\RPG\src\ui\RpgGameUI.java:967: error: <identifier> expected
                hpBar.setValue(Math.max(0, (int) player.getHp()));
                                               ^
C:\Java\RPG\src\ui\RpgGameUI.java:967: error: <identifier> expected
                hpBar.setValue(Math.max(0, (int) player.getHp()));
                                                             ^
C:\Java\RPG\src\ui\RpgGameUI.java:967: error: ';' expected
                hpBar.setValue(Math.max(0, (int) player.getHp()));
                                                               ^
C:\Java\RPG\src\ui\RpgGameUI.java:968: error: <identifier> expected
                hpBar.setStringPainted(true);
                                      ^
C:\Java\RPG\src\ui\RpgGameUI.java:968: error: illegal start of type
                hpBar.setStringPainted(true);
                                       ^
C:\Java\RPG\src\ui\RpgGameUI.java:969: error: <identifier> expected
                hpBar.setString("HP " + (int) player.getHp() + "/" + (int) player.getMaxHp());
                               ^
C:\Java\RPG\src\ui\RpgGameUI.java:969: error: illegal start of type
                hpBar.setString("HP " + (int) player.getHp() + "/" + (int) player.getMaxHp());
                                ^
C:\Java\RPG\src\ui\RpgGameUI.java:969: error: <identifier> expected
                hpBar.setString("HP " + (int) player.getHp() + "/" + (int) player.getMaxHp());
                                            ^
C:\Java\RPG\src\ui\RpgGameUI.java:969: error: <identifier> expected
                hpBar.setString("HP " + (int) player.getHp() + "/" + (int) player.getMaxHp());
                                                          ^
C:\Java\RPG\src\ui\RpgGameUI.java:969: error: ';' expected
                hpBar.setString("HP " + (int) player.getHp() + "/" + (int) player.getMaxHp());
                                                            ^
C:\Java\RPG\src\ui\RpgGameUI.java:969: error: <identifier> expected
                hpBar.setString("HP " + (int) player.getHp() + "/" + (int) player.getMaxHp());
                                                                         ^
C:\Java\RPG\src\ui\RpgGameUI.java:969: error: <identifier> expected
                hpBar.setString("HP " + (int) player.getHp() + "/" + (int) player.getMaxHp());
                                                                                          ^
C:\Java\RPG\src\ui\RpgGameUI.java:969: error: ';' expected
                hpBar.setString("HP " + (int) player.getHp() + "/" + (int) player.getMaxHp());
                                                                                            ^
C:\Java\RPG\src\ui\RpgGameUI.java:972: error: <identifier> expected
                manaBar.setValue(Math.max(0, (int) player.getMana()));
                                ^
C:\Java\RPG\src\ui\RpgGameUI.java:972: error: <identifier> expected
                manaBar.setValue(Math.max(0, (int) player.getMana()));
                                         ^
C:\Java\RPG\src\ui\RpgGameUI.java:972: error: <identifier> expected
                manaBar.setValue(Math.max(0, (int) player.getMana()));
                                                 ^
C:\Java\RPG\src\ui\RpgGameUI.java:972: error: <identifier> expected
                manaBar.setValue(Math.max(0, (int) player.getMana()));
                                                                 ^
C:\Java\RPG\src\ui\RpgGameUI.java:972: error: ';' expected
                manaBar.setValue(Math.max(0, (int) player.getMana()));
                                                                   ^
C:\Java\RPG\src\ui\RpgGameUI.java:973: error: <identifier> expected
                manaBar.setStringPainted(true);
                                        ^
C:\Java\RPG\src\ui\RpgGameUI.java:973: error: illegal start of type
                manaBar.setStringPainted(true);
                                         ^
C:\Java\RPG\src\ui\RpgGameUI.java:974: error: <identifier> expected
                manaBar.setString("MP " + (int) player.getMana() + "/" + (int) player.getMaxMana());
                                 ^
C:\Java\RPG\src\ui\RpgGameUI.java:974: error: illegal start of type
                manaBar.setString("MP " + (int) player.getMana() + "/" + (int) player.getMaxMana());
                                  ^
C:\Java\RPG\src\ui\RpgGameUI.java:974: error: <identifier> expected
                manaBar.setString("MP " + (int) player.getMana() + "/" + (int) player.getMaxMana());
                                              ^
C:\Java\RPG\src\ui\RpgGameUI.java:974: error: <identifier> expected
                manaBar.setString("MP " + (int) player.getMana() + "/" + (int) player.getMaxMana());
                                                              ^
C:\Java\RPG\src\ui\RpgGameUI.java:974: error: ';' expected
                manaBar.setString("MP " + (int) player.getMana() + "/" + (int) player.getMaxMana());
                                                                ^
C:\Java\RPG\src\ui\RpgGameUI.java:974: error: <identifier> expected
                manaBar.setString("MP " + (int) player.getMana() + "/" + (int) player.getMaxMana());
                                                                             ^
C:\Java\RPG\src\ui\RpgGameUI.java:974: error: <identifier> expected
                manaBar.setString("MP " + (int) player.getMana() + "/" + (int) player.getMaxMana());
                                                                                                ^
C:\Java\RPG\src\ui\RpgGameUI.java:974: error: ';' expected
                manaBar.setString("MP " + (int) player.getMana() + "/" + (int) player.getMaxMana());
                                                                                                  ^
C:\Java\RPG\src\ui\RpgGameUI.java:977: error: <identifier> expected
                bars.add(hpBar);
                        ^
C:\Java\RPG\src\ui\RpgGameUI.java:977: error: <identifier> expected
                bars.add(hpBar);
                              ^
C:\Java\RPG\src\ui\RpgGameUI.java:978: error: <identifier> expected
                bars.add(manaBar);
                        ^
C:\Java\RPG\src\ui\RpgGameUI.java:978: error: <identifier> expected
                bars.add(manaBar);
                                ^
C:\Java\RPG\src\ui\RpgGameUI.java:980: error: <identifier> expected
                line.add(label, BorderLayout.NORTH);
                        ^
C:\Java\RPG\src\ui\RpgGameUI.java:980: error: <identifier> expected
                line.add(label, BorderLayout.NORTH);
                              ^
C:\Java\RPG\src\ui\RpgGameUI.java:980: error: <identifier> expected
                line.add(label, BorderLayout.NORTH);
                                                  ^
C:\Java\RPG\src\ui\RpgGameUI.java:981: error: <identifier> expected
                line.add(bars, BorderLayout.CENTER);
                        ^
C:\Java\RPG\src\ui\RpgGameUI.java:981: error: <identifier> expected
                line.add(bars, BorderLayout.CENTER);
                             ^
C:\Java\RPG\src\ui\RpgGameUI.java:981: error: <identifier> expected
                line.add(bars, BorderLayout.CENTER);
                                                  ^
C:\Java\RPG\src\ui\RpgGameUI.java:982: error: <identifier> expected
                partyPanel.add(line);
                              ^
C:\Java\RPG\src\ui\RpgGameUI.java:982: error: <identifier> expected
                partyPanel.add(line);
                                   ^
C:\Java\RPG\src\ui\RpgGameUI.java:985: error: class, interface, enum, or record expected
            enemyPanel.removeAll();
            ^
C:\Java\RPG\src\ui\RpgGameUI.java:986: error: class, interface, enum, or record expected
            for (Enemy enemy : enemies) {
            ^
C:\Java\RPG\src\ui\RpgGameUI.java:988: error: class, interface, enum, or record expected
                JLabel label = new JLabel(enemy.getName() + " (" + enemy.getEnemyType() + ")");
                ^
C:\Java\RPG\src\ui\RpgGameUI.java:989: error: class, interface, enum, or record expected
                JProgressBar bar = new JProgressBar(0, (int) enemy.getMaxHp());
                ^
C:\Java\RPG\src\ui\RpgGameUI.java:990: error: class, interface, enum, or record expected
                bar.setValue((int) enemy.getHp());
                ^
C:\Java\RPG\src\ui\RpgGameUI.java:991: error: class, interface, enum, or record expected
                bar.setStringPainted(true);
                ^
C:\Java\RPG\src\ui\RpgGameUI.java:992: error: class, interface, enum, or record expected
                bar.setString("HP " + (int) enemy.getHp() + "/" + (int) enemy.getMaxHp());
                ^
C:\Java\RPG\src\ui\RpgGameUI.java:993: error: class, interface, enum, or record expected
                line.add(label, BorderLayout.NORTH);
                ^
C:\Java\RPG\src\ui\RpgGameUI.java:994: error: class, interface, enum, or record expected
                line.add(bar, BorderLayout.CENTER);
                ^
C:\Java\RPG\src\ui\RpgGameUI.java:995: error: class, interface, enum, or record expected
                enemyPanel.add(line);
                ^
C:\Java\RPG\src\ui\RpgGameUI.java:996: error: class, interface, enum, or record expected
            }
            ^
C:\Java\RPG\src\ui\RpgGameUI.java:999: error: class, interface, enum, or record expected
            if (inventory.getItems().isEmpty()) {
            ^
C:\Java\RPG\src\ui\RpgGameUI.java:1001: error: class, interface, enum, or record expected
            } else {
            ^
C:\Java\RPG\src\ui\RpgGameUI.java:1004: error: class, interface, enum, or record expected
                java.util.Map<String, Item> example = new java.util.HashMap<>();
                ^
C:\Java\RPG\src\ui\RpgGameUI.java:1005: error: class, interface, enum, or record expected
                for (Item item : inventory.getItems()) {
                ^
C:\Java\RPG\src\ui\RpgGameUI.java:1007: error: class, interface, enum, or record expected
                    counts.put(key, counts.getOrDefault(key, 0) + 1);
                    ^
C:\Java\RPG\src\ui\RpgGameUI.java:1008: error: class, interface, enum, or record expected
                    example.putIfAbsent(key, item);
                    ^
C:\Java\RPG\src\ui\RpgGameUI.java:1009: error: class, interface, enum, or record expected
                }
                ^
C:\Java\RPG\src\ui\RpgGameUI.java:1013: error: class, interface, enum, or record expected
                    inventoryPanel.add(new JLabel(e.getKey() + " x" + e.getValue() + " - " + sample.getDescription()));
                    ^
C:\Java\RPG\src\ui\RpgGameUI.java:1014: error: class, interface, enum, or record expected
                }
                ^
C:\Java\RPG\src\ui\RpgGameUI.java:1018: error: class, interface, enum, or record expected
            partyPanel.repaint();
            ^
C:\Java\RPG\src\ui\RpgGameUI.java:1019: error: class, interface, enum, or record expected
            enemyPanel.revalidate();
            ^
C:\Java\RPG\src\ui\RpgGameUI.java:1020: error: class, interface, enum, or record expected
            enemyPanel.repaint();
            ^
C:\Java\RPG\src\ui\RpgGameUI.java:1021: error: class, interface, enum, or record expected
            inventoryPanel.revalidate();
            ^
C:\Java\RPG\src\ui\RpgGameUI.java:1022: error: class, interface, enum, or record expected
            inventoryPanel.repaint();
            ^
C:\Java\RPG\src\ui\RpgGameUI.java:1023: error: class, interface, enum, or record expected
        });
        ^
C:\Java\RPG\src\ui\RpgGameUI.java:1024: error: class, interface, enum, or record expected
    }
    ^
C:\Java\RPG\src\ui\RpgGameUI.java:1028: error: class, interface, enum, or record expected
    }
    ^
C:\Java\RPG\src\ui\RpgGameUI.java:1032: error: class, interface, enum, or record expected
        logArea.setCaretPosition(logArea.getDocument().getLength());
        ^
C:\Java\RPG\src\ui\RpgGameUI.java:1033: error: class, interface, enum, or record expected
    }
    ^
C:\Java\RPG\src\ui\RpgGameUI.java:1036: error: class, interface, enum, or record expected
    public void refreshPanels() {
           ^
C:\Java\RPG\src\ui\RpgGameUI.java:1038: error: class, interface, enum, or record expected
    }
    ^
C:\Java\RPG\src\ui\RpgGameUI.java:1040: error: class, interface, enum, or record expected
    public void appendLogPublic(String text) {
           ^
C:\Java\RPG\src\ui\RpgGameUI.java:1042: error: class, interface, enum, or record expected
    }
    ^
C:\Java\RPG\src\ui\RpgGameUI.java:1046: error: class, interface, enum, or record expected
        defendButton.setEnabled(enabled);
        ^
C:\Java\RPG\src\ui\RpgGameUI.java:1047: error: class, interface, enum, or record expected
        skillButton.setEnabled(enabled);
        ^
C:\Java\RPG\src\ui\RpgGameUI.java:1048: error: class, interface, enum, or record expected
        itemButton.setEnabled(enabled);
        ^
C:\Java\RPG\src\ui\RpgGameUI.java:1049: error: class, interface, enum, or record expected
        fleeButton.setEnabled(enabled);
        ^
C:\Java\RPG\src\ui\RpgGameUI.java:1050: error: class, interface, enum, or record expected
    }
    ^
81 errors
